[     487ms] Unexpected token '<'
[     445ms] [LOG] ############ inside initStorage ############## @ https://www.reliancedigital.in/public/clickstream.js:9
[     446ms] [LOG] ########### inside response interceptor ############# @ https://www.reliancedigital.in/public/clickstream.js:9
[     462ms] [WARNING] Could not set dynamic CDN path @ https://cdn.jiostore.online/v2/jmd-asp/jdprod/wrkr/organization/60b75618d9b9b8ffabe828a3/theme/assets/stkmh6Xko_themeBundle.umd.min.js:16
[     544ms] [LOG] SyntaxError: "undefined" is not valid JSON
    at JSON.parse (<anonymous>)
    at n._publish (https://www.reliancedigital.in/search?q=iphone+15+128gb:220:3267)
    at d.HYDRATE_APP_META (https://www.reliancedigital.in/public/app.2c252a5cbc9fb56f3eba.js:18:12535)
    at Array.<anonymous> (https://www.reliancedigital.in/public/app.2c252a5cbc9fb56f3eba.js:1:49521)
    at d.dispatch (https://www.reliancedigital.in/public/app.2c252a5cbc9fb56f3eba.js:7:1047)
    at d.dispatch (https://www.reliancedigital.in/public/app.2c252a5cbc9fb56f3eba.js:1:46752)
    at Module.<anonymous> (https://www.reliancedigital.in/public/app.2c252a5cbc9fb56f3eba.js:29:39270)
    at a (https://www.reliancedigital.in/public/app.2c252a5cbc9fb56f3eba.js:1:1551)
    at https://www.reliancedigital.in/public/app.2c252a5cbc9fb56f3eba.js:1:5102
    at https://www.reliancedigital.in/public/app.2c252a5cbc9fb56f3eba.js:1:5166 @ https://www.reliancedigital.in/search?q=iphone+15+128gb:219
[     681ms] [ERROR] Failed to load resource: the server responded with a status of 401 () @ https://www.reliancedigital.in/api/service/application/user/authentication/v1.0/session:0
[     739ms] [LOG] mounted @ https://cdn.jiostore.online/v2/jmd-asp/jdprod/wrkr/organization/60b75618d9b9b8ffabe828a3/theme/assets/stkmh6Xko_themeBundle.umd.min.js:16
[     743ms] [LOG] not webview @ https://cdn.jiostore.online/v2/jmd-asp/jdprod/wrkr/organization/60b75618d9b9b8ffabe828a3/theme/assets/stkmh6Xko_themeBundle.umd.min.js:16
[     744ms] [LOG] 645a057875d8c4882b096f7e context in header @ https://cdn.jiostore.online/v2/jmd-asp/jdprod/wrkr/organization/60b75618d9b9b8ffabe828a3/theme/assets/stkmh6Xko_themeBundle.umd.min.js:16
[     746ms] [LOG] this.$route?.meta?.available_page_slug not-found-page @ https://cdn.jiostore.online/v2/jmd-asp/jdprod/wrkr/organization/60b75618d9b9b8ffabe828a3/theme/assets/stkmh6Xko_themeBundle.umd.min.js:16
[     795ms] [WARNING] Failed to execute 'postMessage' on 'DOMWindow': The target origin provided ('https://platform.jioretailer.com') does not match the recipient window's origin ('https://www.reliancedigital.in'). @ https://www.reliancedigital.in/public/app.2c252a5cbc9fb56f3eba.js:28
[     810ms] [ERROR] Failed to load resource: the server responded with a status of 404 () @ https://www.reliancedigital.in/api/service/application/theme/v1.0/645a0579fb224468a9213d50/not-found-page?company=1&filters=true&section_preview_hash=:0
[     947ms] [LOG] GA4 Client ID: 361505150.1776361778 @ https://www.reliancedigital.in/search?q=iphone+15+128gb:261
[     947ms] [LOG] GA4 Session ID: 1776361778 @ https://www.reliancedigital.in/search?q=iphone+15+128gb:268
[     960ms] [WARNING] Google Maps JavaScript API has been loaded directly without loading=async. This can result in suboptimal performance. For best-practice loading patterns please see https://goo.gle/js-api-loading @ https://maps.googleapis.com/maps/api/js?key=AIzaSyCimWLcCkTc03jZrTE6TxfTH0PauR2Keps&libraries=places&callback=googleMapsAutoCompleteAPILoad:1433
[     964ms] [ERROR] Failed to load resource: the server responded with a status of 400 () @ https://www.reliancedigital.in/ext/raven-api/resq/rcp-list?page_no=1&page_size=10:0
[    1364ms] [ERROR] Attestation check for Attribution Reporting on https://www.facebook.com failed. @ https://www.reliancedigital.in/search?q=iphone%2015%20128gb:0
